// Jest Snapshot v1, https://goo.gl/fbAQLP

exports[`AuthorizationScreen component is rendered correctly 1`] = `
<section
  className="login"
>
  <div
    className="login__logo"
  >
    <img
      alt="Угадай мелодию"
      height="83"
      src="img/melody-logo.png"
      width="186"
    />
  </div>
  <h2
    className="login__title"
  >
    Вы настоящий меломан!
  </h2>
  <p
    className="login__total"
  >
    За 0 минут и 30 секунд вы набрали 18 баллов (10 быстрых), совершив 0 ошибок
  </p>
  <p
    className="login__text"
  >
    Хотите сравнить свой результат с предыдущими попытками? Представтесь!
  </p>
  <form
    action="#"
    className="login__form"
    onSubmit={[Function]}
    style={
      Object {
        "position": "relative",
      }
    }
  >
    <p
      className="login__field"
    >
      <label
        className="login__label"
        htmlFor="name"
      >
        Логин
      </label>
      <input
        className="login__input"
        id="name"
        name="name"
        onChange={[Function]}
        type="text"
        value=""
      />
    </p>
    <p
      className="login__field"
    >
      <label
        className="login__label"
        htmlFor="password"
      >
        Пароль
      </label>
      <input
        className="login__input"
        id="password"
        name="password"
        onChange={[Function]}
        type="text"
        value=""
      />
      <span
        className="login__error"
      >
        Неверный пароль
      </span>
    </p>
    <button
      className="login__button button"
      disabled={true}
      type="submit"
    >
      Войти
    </button>
  </form>
</section>
`;
